------------------------------------------------------------
TimeQuest Timing Analyzer Summary
------------------------------------------------------------

Type  : Slow Model Setup 'CLK'
Slack : -4.870
TNS   : -114.718

Type  : Slow Model Setup 'AOP[0]'
Slack : -1.572
TNS   : -8.974

Type  : Slow Model Hold 'AOP[0]'
Slack : -1.005
TNS   : -4.903

Type  : Slow Model Hold 'CLK'
Slack : 0.391
TNS   : 0.000

Type  : Slow Model Minimum Pulse Width 'CLK'
Slack : -1.380
TNS   : -67.380

Type  : Slow Model Minimum Pulse Width 'AOP[0]'
Slack : -1.222
TNS   : -1.222

Type  : Fast Model Setup 'CLK'
Slack : -1.505
TNS   : -23.012

Type  : Fast Model Setup 'AOP[0]'
Slack : -0.034
TNS   : -0.068

Type  : Fast Model Hold 'AOP[0]'
Slack : -0.838
TNS   : -4.410

Type  : Fast Model Hold 'CLK'
Slack : -0.127
TNS   : -0.592

Type  : Fast Model Minimum Pulse Width 'CLK'
Slack : -1.380
TNS   : -67.380

Type  : Fast Model Minimum Pulse Width 'AOP[0]'
Slack : -1.222
TNS   : -1.222

------------------------------------------------------------
