TimeQuest Timing Analyzer report for arithmetic_processor
Sat Apr 11 23:35:37 2020
Quartus II 64-Bit Version 13.0.1 Build 232 06/12/2013 Service Pack 1 SJ Web Edition


---------------------
; Table of Contents ;
---------------------
  1. Legal Notice
  2. TimeQuest Timing Analyzer Summary
  3. Parallel Compilation
  4. SDC File List
  5. Clocks
  6. Slow Model Fmax Summary
  7. Slow Model Setup Summary
  8. Slow Model Hold Summary
  9. Slow Model Recovery Summary
 10. Slow Model Removal Summary
 11. Slow Model Minimum Pulse Width Summary
 12. Slow Model Minimum Pulse Width: 'altera_reserved_tck'
 13. Propagation Delay
 14. Minimum Propagation Delay
 15. Fast Model Setup Summary
 16. Fast Model Hold Summary
 17. Fast Model Recovery Summary
 18. Fast Model Removal Summary
 19. Fast Model Minimum Pulse Width Summary
 20. Fast Model Minimum Pulse Width: 'altera_reserved_tck'
 21. Propagation Delay
 22. Minimum Propagation Delay
 23. Multicorner Timing Analysis Summary
 24. Progagation Delay
 25. Minimum Progagation Delay
 26. Clock Transfers
 27. Report TCCS
 28. Report RSKM
 29. Unconstrained Paths
 30. TimeQuest Timing Analyzer Messages



----------------
; Legal Notice ;
----------------
Copyright (C) 1991-2013 Altera Corporation
Your use of Altera Corporation's design tools, logic functions 
and other software and tools, and its AMPP partner logic 
functions, and any output files from any of the foregoing 
(including device programming or simulation files), and any 
associated documentation or information are expressly subject 
to the terms and conditions of the Altera Program License 
Subscription Agreement, Altera MegaCore Function License 
Agreement, or other applicable license agreement, including, 
without limitation, that your use is for the sole purpose of 
programming logic devices manufactured by Altera and sold by 
Altera or its authorized distributors.  Please refer to the 
applicable agreement for further details.



+----------------------------------------------------------------------------------------+
; TimeQuest Timing Analyzer Summary                                                      ;
+--------------------+-------------------------------------------------------------------+
; Quartus II Version ; Version 13.0.1 Build 232 06/12/2013 Service Pack 1 SJ Web Edition ;
; Revision Name      ; arithmetic_processor                                              ;
; Device Family      ; Cyclone II                                                        ;
; Device Name        ; EP2C70F896C6                                                      ;
; Timing Models      ; Final                                                             ;
; Delay Model        ; Combined                                                          ;
; Rise/Fall Delays   ; Unavailable                                                       ;
+--------------------+-------------------------------------------------------------------+


Parallel compilation was disabled, but you have multiple processors available. Enable parallel compilation to reduce compilation time.
+-------------------------------------+
; Parallel Compilation                ;
+----------------------------+--------+
; Processors                 ; Number ;
+----------------------------+--------+
; Number detected on machine ; 4      ;
; Maximum allowed            ; 1      ;
+----------------------------+--------+


+--------------------------------------------------------------+
; SDC File List                                                ;
+--------------------------+--------+--------------------------+
; SDC File Path            ; Status ; Read at                  ;
+--------------------------+--------+--------------------------+
; arithmetic_processor.sdc ; OK     ; Sat Apr 11 23:35:36 2020 ;
+--------------------------+--------+--------------------------+


+-----------------------------------------------------------------------------------------------------------------------------------------------------------------------------------------------------------+
; Clocks                                                                                                                                                                                                    ;
+---------------------+------+---------+-----------+-------+--------+------------+-----------+-------------+-------+--------+-----------+------------+----------+--------+--------+-------------------------+
; Clock Name          ; Type ; Period  ; Frequency ; Rise  ; Fall   ; Duty Cycle ; Divide by ; Multiply by ; Phase ; Offset ; Edge List ; Edge Shift ; Inverted ; Master ; Source ; Targets                 ;
+---------------------+------+---------+-----------+-------+--------+------------+-----------+-------------+-------+--------+-----------+------------+----------+--------+--------+-------------------------+
; altera_reserved_tck ; Base ; 100.000 ; 10.0 MHz  ; 0.000 ; 50.000 ;            ;           ;             ;       ;        ;           ;            ;          ;        ;        ; { altera_reserved_tck } ;
+---------------------+------+---------+-----------+-------+--------+------------+-----------+-------------+-------+--------+-----------+------------+----------+--------+--------+-------------------------+


---------------------------
; Slow Model Fmax Summary ;
---------------------------
No paths to report.


----------------------------
; Slow Model Setup Summary ;
----------------------------
No paths to report.


---------------------------
; Slow Model Hold Summary ;
---------------------------
No paths to report.


-------------------------------
; Slow Model Recovery Summary ;
-------------------------------
No paths to report.


------------------------------
; Slow Model Removal Summary ;
------------------------------
No paths to report.


+----------------------------------------------+
; Slow Model Minimum Pulse Width Summary       ;
+---------------------+--------+---------------+
; Clock               ; Slack  ; End Point TNS ;
+---------------------+--------+---------------+
; altera_reserved_tck ; 97.778 ; 0.000         ;
+---------------------+--------+---------------+


+-------------------------------------------------------------------------------------------------------------+
; Slow Model Minimum Pulse Width: 'altera_reserved_tck'                                                       ;
+--------+--------------+----------------+-----------+---------------------+------------+---------------------+
; Slack  ; Actual Width ; Required Width ; Type      ; Clock               ; Clock Edge ; Target              ;
+--------+--------------+----------------+-----------+---------------------+------------+---------------------+
; 97.778 ; 100.000      ; 2.222          ; Port Rate ; altera_reserved_tck ; Rise       ; altera_reserved_tck ;
+--------+--------------+----------------+-----------+---------------------+------------+---------------------+


+--------------------------------------------------------------------+
; Propagation Delay                                                  ;
+------------------+-------------+--------+--------+--------+--------+
; Input Port       ; Output Port ; RR     ; RF     ; FR     ; FF     ;
+------------------+-------------+--------+--------+--------+--------+
; A_SEL[0]         ; ALUOUT[0]   ; 11.193 ; 11.193 ; 11.193 ; 11.193 ;
; A_SEL[0]         ; ALUOUT[1]   ; 13.325 ; 13.325 ; 13.325 ; 13.325 ;
; A_SEL[0]         ; ALUOUT[2]   ; 14.552 ; 14.552 ; 14.552 ; 14.552 ;
; A_SEL[0]         ; ALUOUT[3]   ; 14.164 ; 14.164 ; 14.164 ; 14.164 ;
; A_SEL[0]         ; ALUOUT[4]   ; 15.245 ; 15.245 ; 15.245 ; 15.245 ;
; A_SEL[0]         ; ALUOUT[5]   ; 13.833 ; 13.833 ; 13.833 ; 13.833 ;
; A_SEL[0]         ; ALUOUT[6]   ; 14.521 ; 14.521 ; 14.521 ; 14.521 ;
; A_SEL[0]         ; ALUOUT[7]   ; 13.472 ; 13.472 ; 13.472 ; 13.472 ;
; A_SEL[0]         ; CO          ; 12.368 ; 12.368 ; 12.368 ; 12.368 ;
; A_SEL[0]         ; N           ; 12.747 ; 12.747 ; 12.747 ; 12.747 ;
; A_SEL[0]         ; OVF         ; 12.146 ; 12.146 ; 12.146 ; 12.146 ;
; A_SEL[0]         ; Z           ; 16.045 ; 16.045 ; 16.045 ; 16.045 ;
; A_SEL[1]         ; ALUOUT[0]   ; 11.643 ; 11.643 ; 11.643 ; 11.643 ;
; A_SEL[1]         ; ALUOUT[1]   ; 13.775 ; 13.775 ; 13.775 ; 13.775 ;
; A_SEL[1]         ; ALUOUT[2]   ; 15.013 ; 15.013 ; 15.013 ; 15.013 ;
; A_SEL[1]         ; ALUOUT[3]   ; 14.716 ; 14.716 ; 14.716 ; 14.716 ;
; A_SEL[1]         ; ALUOUT[4]   ; 16.009 ; 16.009 ; 16.009 ; 16.009 ;
; A_SEL[1]         ; ALUOUT[5]   ; 14.597 ; 14.597 ; 14.597 ; 14.597 ;
; A_SEL[1]         ; ALUOUT[6]   ; 15.285 ; 15.285 ; 15.285 ; 15.285 ;
; A_SEL[1]         ; ALUOUT[7]   ; 14.236 ; 14.236 ; 14.236 ; 14.236 ;
; A_SEL[1]         ; CO          ; 13.132 ; 13.132 ; 13.132 ; 13.132 ;
; A_SEL[1]         ; N           ; 13.511 ; 13.511 ; 13.511 ; 13.511 ;
; A_SEL[1]         ; OVF         ; 12.910 ; 12.910 ; 12.910 ; 12.910 ;
; A_SEL[1]         ; Z           ; 16.809 ; 16.809 ; 16.809 ; 16.809 ;
; B_SEL[0]         ; ALUOUT[0]   ; 14.016 ; 14.016 ; 14.016 ; 14.016 ;
; B_SEL[0]         ; ALUOUT[1]   ; 17.522 ; 17.522 ; 17.522 ; 17.522 ;
; B_SEL[0]         ; ALUOUT[2]   ; 17.404 ; 17.404 ; 17.404 ; 17.404 ;
; B_SEL[0]         ; ALUOUT[3]   ; 18.752 ; 18.752 ; 18.752 ; 18.752 ;
; B_SEL[0]         ; ALUOUT[4]   ; 18.457 ; 18.457 ; 18.457 ; 18.457 ;
; B_SEL[0]         ; ALUOUT[5]   ; 18.895 ; 18.895 ; 18.895 ; 18.895 ;
; B_SEL[0]         ; ALUOUT[6]   ; 18.619 ; 18.619 ; 18.619 ; 18.619 ;
; B_SEL[0]         ; ALUOUT[7]   ; 18.522 ; 18.522 ; 18.522 ; 18.522 ;
; B_SEL[0]         ; CO          ; 17.066 ; 17.066 ; 17.066 ; 17.066 ;
; B_SEL[0]         ; N           ; 17.797 ; 17.797 ; 17.797 ; 17.797 ;
; B_SEL[0]         ; OVF         ; 16.847 ; 16.847 ; 16.847 ; 16.847 ;
; B_SEL[0]         ; Z           ; 19.450 ; 19.450 ; 19.450 ; 19.450 ;
; B_SEL[1]         ; ALUOUT[0]   ; 14.262 ; 14.262 ; 14.262 ; 14.262 ;
; B_SEL[1]         ; ALUOUT[1]   ; 17.123 ; 17.123 ; 17.123 ; 17.123 ;
; B_SEL[1]         ; ALUOUT[2]   ; 16.023 ; 16.023 ; 16.023 ; 16.023 ;
; B_SEL[1]         ; ALUOUT[3]   ; 17.317 ; 17.317 ; 17.317 ; 17.317 ;
; B_SEL[1]         ; ALUOUT[4]   ; 17.022 ; 17.022 ; 17.022 ; 17.022 ;
; B_SEL[1]         ; ALUOUT[5]   ; 17.460 ; 17.460 ; 17.460 ; 17.460 ;
; B_SEL[1]         ; ALUOUT[6]   ; 17.184 ; 17.184 ; 17.184 ; 17.184 ;
; B_SEL[1]         ; ALUOUT[7]   ; 17.087 ; 17.087 ; 17.087 ; 17.087 ;
; B_SEL[1]         ; CO          ; 15.631 ; 15.631 ; 15.631 ; 15.631 ;
; B_SEL[1]         ; N           ; 16.362 ; 16.362 ; 16.362 ; 16.362 ;
; B_SEL[1]         ; OVF         ; 15.412 ; 15.412 ; 15.412 ; 15.412 ;
; B_SEL[1]         ; Z           ; 18.015 ; 18.015 ; 18.015 ; 18.015 ;
; Cin              ; ALUOUT[0]   ; 14.370 ; 14.370 ; 14.370 ; 14.370 ;
; Cin              ; Z           ; 14.409 ; 14.409 ; 14.409 ; 14.409 ;
; INS_TYPE_MUX_SEL ; ALUOUT[0]   ; 18.718 ; 18.718 ; 18.718 ; 18.718 ;
; INS_TYPE_MUX_SEL ; ALUOUT[1]   ; 21.579 ; 21.579 ; 21.579 ; 21.579 ;
; INS_TYPE_MUX_SEL ; ALUOUT[2]   ; 20.567 ; 20.567 ; 20.567 ; 20.567 ;
; INS_TYPE_MUX_SEL ; ALUOUT[3]   ; 21.861 ; 21.861 ; 21.861 ; 21.861 ;
; INS_TYPE_MUX_SEL ; ALUOUT[4]   ; 22.183 ; 22.183 ; 22.183 ; 22.183 ;
; INS_TYPE_MUX_SEL ; ALUOUT[5]   ; 22.857 ; 22.857 ; 22.857 ; 22.857 ;
; INS_TYPE_MUX_SEL ; ALUOUT[6]   ; 22.581 ; 22.581 ; 22.581 ; 22.581 ;
; INS_TYPE_MUX_SEL ; ALUOUT[7]   ; 22.484 ; 22.484 ; 22.484 ; 22.484 ;
; INS_TYPE_MUX_SEL ; CO          ; 21.028 ; 21.028 ; 21.028 ; 21.028 ;
; INS_TYPE_MUX_SEL ; N           ; 21.759 ; 21.759 ; 21.759 ; 21.759 ;
; INS_TYPE_MUX_SEL ; OVF         ; 20.809 ; 20.809 ; 20.809 ; 20.809 ;
; INS_TYPE_MUX_SEL ; Z           ; 23.323 ; 23.323 ; 23.323 ; 23.323 ;
; MULT_SEL         ; ALUOUT[0]   ; 11.275 ; 11.275 ; 11.275 ; 11.275 ;
; MULT_SEL         ; ALUOUT[1]   ; 11.826 ; 11.826 ; 11.826 ; 11.826 ;
; MULT_SEL         ; ALUOUT[2]   ; 11.319 ; 11.319 ; 11.319 ; 11.319 ;
; MULT_SEL         ; ALUOUT[3]   ; 11.782 ; 11.782 ; 11.782 ; 11.782 ;
; MULT_SEL         ; ALUOUT[4]   ; 11.920 ; 11.920 ; 11.920 ; 11.920 ;
; MULT_SEL         ; ALUOUT[5]   ; 11.788 ; 12.416 ; 12.416 ; 11.788 ;
; MULT_SEL         ; ALUOUT[6]   ; 11.907 ; 11.907 ; 11.907 ; 11.907 ;
; MULT_SEL         ; ALUOUT[7]   ; 11.085 ; 11.085 ; 11.085 ; 11.085 ;
+------------------+-------------+--------+--------+--------+--------+


+--------------------------------------------------------------------+
; Minimum Propagation Delay                                          ;
+------------------+-------------+--------+--------+--------+--------+
; Input Port       ; Output Port ; RR     ; RF     ; FR     ; FF     ;
+------------------+-------------+--------+--------+--------+--------+
; A_SEL[0]         ; ALUOUT[0]   ; 10.482 ; 10.482 ; 10.482 ; 10.482 ;
; A_SEL[0]         ; ALUOUT[1]   ; 10.451 ; 10.451 ; 10.451 ; 10.451 ;
; A_SEL[0]         ; ALUOUT[2]   ; 10.855 ; 10.855 ; 10.855 ; 10.855 ;
; A_SEL[0]         ; ALUOUT[3]   ; 11.100 ; 11.100 ; 11.100 ; 11.100 ;
; A_SEL[0]         ; ALUOUT[4]   ; 11.920 ; 11.920 ; 11.920 ; 11.920 ;
; A_SEL[0]         ; ALUOUT[5]   ; 11.007 ; 11.007 ; 11.007 ; 11.007 ;
; A_SEL[0]         ; ALUOUT[6]   ; 10.564 ; 10.564 ; 10.564 ; 10.564 ;
; A_SEL[0]         ; ALUOUT[7]   ; 10.593 ; 10.593 ; 10.593 ; 10.593 ;
; A_SEL[0]         ; CO          ; 10.199 ; 9.796  ; 9.796  ; 10.199 ;
; A_SEL[0]         ; N           ; 9.868  ; 9.868  ; 9.868  ; 9.868  ;
; A_SEL[0]         ; OVF         ; 9.574  ; 9.574  ; 9.574  ; 9.574  ;
; A_SEL[0]         ; Z           ; 10.521 ; 10.521 ; 10.521 ; 10.521 ;
; A_SEL[1]         ; ALUOUT[0]   ; 10.965 ; 10.965 ; 10.965 ; 10.965 ;
; A_SEL[1]         ; ALUOUT[1]   ; 10.834 ; 10.834 ; 10.834 ; 10.834 ;
; A_SEL[1]         ; ALUOUT[2]   ; 11.521 ; 11.521 ; 11.521 ; 11.521 ;
; A_SEL[1]         ; ALUOUT[3]   ; 10.706 ; 10.706 ; 10.706 ; 10.706 ;
; A_SEL[1]         ; ALUOUT[4]   ; 12.392 ; 12.392 ; 12.392 ; 12.392 ;
; A_SEL[1]         ; ALUOUT[5]   ; 11.479 ; 11.479 ; 11.479 ; 11.479 ;
; A_SEL[1]         ; ALUOUT[6]   ; 11.036 ; 11.036 ; 11.036 ; 11.036 ;
; A_SEL[1]         ; ALUOUT[7]   ; 11.036 ; 11.036 ; 11.036 ; 11.036 ;
; A_SEL[1]         ; CO          ; 10.239 ; 10.601 ; 10.601 ; 10.239 ;
; A_SEL[1]         ; N           ; 10.311 ; 10.311 ; 10.311 ; 10.311 ;
; A_SEL[1]         ; OVF         ; 10.017 ; 10.017 ; 10.017 ; 10.017 ;
; A_SEL[1]         ; Z           ; 11.004 ; 11.004 ; 11.004 ; 11.004 ;
; B_SEL[0]         ; ALUOUT[0]   ; 14.016 ; 14.016 ; 14.016 ; 14.016 ;
; B_SEL[0]         ; ALUOUT[1]   ; 14.713 ; 14.713 ; 14.713 ; 14.713 ;
; B_SEL[0]         ; ALUOUT[2]   ; 14.272 ; 14.272 ; 14.272 ; 14.272 ;
; B_SEL[0]         ; ALUOUT[3]   ; 14.734 ; 14.734 ; 14.734 ; 14.734 ;
; B_SEL[0]         ; ALUOUT[4]   ; 15.079 ; 15.079 ; 15.079 ; 15.079 ;
; B_SEL[0]         ; ALUOUT[5]   ; 13.986 ; 13.986 ; 13.986 ; 13.986 ;
; B_SEL[0]         ; ALUOUT[6]   ; 14.554 ; 14.554 ; 14.554 ; 14.554 ;
; B_SEL[0]         ; ALUOUT[7]   ; 14.309 ; 14.309 ; 14.309 ; 14.309 ;
; B_SEL[0]         ; CO          ; 13.378 ; 13.378 ; 13.378 ; 13.378 ;
; B_SEL[0]         ; N           ; 13.584 ; 13.584 ; 13.584 ; 13.584 ;
; B_SEL[0]         ; OVF         ; 13.159 ; 13.159 ; 13.159 ; 13.159 ;
; B_SEL[0]         ; Z           ; 14.055 ; 14.055 ; 14.055 ; 14.055 ;
; B_SEL[1]         ; ALUOUT[0]   ; 14.262 ; 14.262 ; 14.262 ; 14.262 ;
; B_SEL[1]         ; ALUOUT[1]   ; 14.338 ; 14.338 ; 14.338 ; 14.338 ;
; B_SEL[1]         ; ALUOUT[2]   ; 14.488 ; 14.505 ; 14.505 ; 14.488 ;
; B_SEL[1]         ; ALUOUT[3]   ; 14.307 ; 14.307 ; 14.307 ; 14.307 ;
; B_SEL[1]         ; ALUOUT[4]   ; 15.049 ; 15.189 ; 15.189 ; 15.049 ;
; B_SEL[1]         ; ALUOUT[5]   ; 14.555 ; 14.555 ; 14.555 ; 14.555 ;
; B_SEL[1]         ; ALUOUT[6]   ; 14.721 ; 14.785 ; 14.785 ; 14.721 ;
; B_SEL[1]         ; ALUOUT[7]   ; 14.419 ; 14.419 ; 14.419 ; 14.419 ;
; B_SEL[1]         ; CO          ; 13.488 ; 14.056 ; 14.056 ; 13.488 ;
; B_SEL[1]         ; N           ; 13.694 ; 13.694 ; 13.694 ; 13.694 ;
; B_SEL[1]         ; OVF         ; 13.269 ; 13.269 ; 13.269 ; 13.269 ;
; B_SEL[1]         ; Z           ; 14.301 ; 14.301 ; 14.301 ; 14.301 ;
; Cin              ; ALUOUT[0]   ; 13.933 ; 13.933 ; 13.933 ; 13.933 ;
; Cin              ; Z           ; 13.972 ; 13.972 ; 13.972 ; 13.972 ;
; INS_TYPE_MUX_SEL ; ALUOUT[0]   ; 17.180 ; 17.180 ; 17.180 ; 17.180 ;
; INS_TYPE_MUX_SEL ; ALUOUT[1]   ; 16.869 ; 16.869 ; 16.869 ; 16.869 ;
; INS_TYPE_MUX_SEL ; ALUOUT[2]   ; 17.135 ; 17.135 ; 17.135 ; 17.135 ;
; INS_TYPE_MUX_SEL ; ALUOUT[3]   ; 17.973 ; 17.973 ; 17.973 ; 17.973 ;
; INS_TYPE_MUX_SEL ; ALUOUT[4]   ; 18.267 ; 18.267 ; 18.267 ; 18.267 ;
; INS_TYPE_MUX_SEL ; ALUOUT[5]   ; 17.194 ; 17.194 ; 17.194 ; 17.194 ;
; INS_TYPE_MUX_SEL ; ALUOUT[6]   ; 17.807 ; 17.807 ; 17.807 ; 17.807 ;
; INS_TYPE_MUX_SEL ; ALUOUT[7]   ; 16.737 ; 16.737 ; 16.737 ; 16.737 ;
; INS_TYPE_MUX_SEL ; CO          ; 15.806 ; 15.806 ; 15.806 ; 15.806 ;
; INS_TYPE_MUX_SEL ; N           ; 16.012 ; 16.012 ; 16.012 ; 16.012 ;
; INS_TYPE_MUX_SEL ; OVF         ; 15.587 ; 15.587 ; 15.587 ; 15.587 ;
; INS_TYPE_MUX_SEL ; Z           ; 17.208 ; 17.208 ; 17.208 ; 17.208 ;
; MULT_SEL         ; ALUOUT[0]   ; 11.275 ; 11.275 ; 11.275 ; 11.275 ;
; MULT_SEL         ; ALUOUT[1]   ; 11.826 ; 11.826 ; 11.826 ; 11.826 ;
; MULT_SEL         ; ALUOUT[2]   ; 11.319 ; 11.319 ; 11.319 ; 11.319 ;
; MULT_SEL         ; ALUOUT[3]   ; 11.782 ; 11.782 ; 11.782 ; 11.782 ;
; MULT_SEL         ; ALUOUT[4]   ; 11.920 ; 11.920 ; 11.920 ; 11.920 ;
; MULT_SEL         ; ALUOUT[5]   ; 11.788 ; 12.416 ; 12.416 ; 11.788 ;
; MULT_SEL         ; ALUOUT[6]   ; 11.907 ; 11.907 ; 11.907 ; 11.907 ;
; MULT_SEL         ; ALUOUT[7]   ; 11.085 ; 11.085 ; 11.085 ; 11.085 ;
+------------------+-------------+--------+--------+--------+--------+


----------------------------
; Fast Model Setup Summary ;
----------------------------
No paths to report.


---------------------------
; Fast Model Hold Summary ;
---------------------------
No paths to report.


-------------------------------
; Fast Model Recovery Summary ;
-------------------------------
No paths to report.


------------------------------
; Fast Model Removal Summary ;
------------------------------
No paths to report.


+----------------------------------------------+
; Fast Model Minimum Pulse Width Summary       ;
+---------------------+--------+---------------+
; Clock               ; Slack  ; End Point TNS ;
+---------------------+--------+---------------+
; altera_reserved_tck ; 97.778 ; 0.000         ;
+---------------------+--------+---------------+


+-------------------------------------------------------------------------------------------------------------+
; Fast Model Minimum Pulse Width: 'altera_reserved_tck'                                                       ;
+--------+--------------+----------------+-----------+---------------------+------------+---------------------+
; Slack  ; Actual Width ; Required Width ; Type      ; Clock               ; Clock Edge ; Target              ;
+--------+--------------+----------------+-----------+---------------------+------------+---------------------+
; 97.778 ; 100.000      ; 2.222          ; Port Rate ; altera_reserved_tck ; Rise       ; altera_reserved_tck ;
+--------+--------------+----------------+-----------+---------------------+------------+---------------------+


+--------------------------------------------------------------------+
; Propagation Delay                                                  ;
+------------------+-------------+--------+--------+--------+--------+
; Input Port       ; Output Port ; RR     ; RF     ; FR     ; FF     ;
+------------------+-------------+--------+--------+--------+--------+
; A_SEL[0]         ; ALUOUT[0]   ; 5.488  ; 5.488  ; 5.488  ; 5.488  ;
; A_SEL[0]         ; ALUOUT[1]   ; 6.412  ; 6.412  ; 6.412  ; 6.412  ;
; A_SEL[0]         ; ALUOUT[2]   ; 6.926  ; 6.926  ; 6.926  ; 6.926  ;
; A_SEL[0]         ; ALUOUT[3]   ; 6.750  ; 6.750  ; 6.750  ; 6.750  ;
; A_SEL[0]         ; ALUOUT[4]   ; 7.206  ; 7.206  ; 7.206  ; 7.206  ;
; A_SEL[0]         ; ALUOUT[5]   ; 6.511  ; 6.511  ; 6.511  ; 6.511  ;
; A_SEL[0]         ; ALUOUT[6]   ; 6.881  ; 6.881  ; 6.881  ; 6.881  ;
; A_SEL[0]         ; ALUOUT[7]   ; 6.548  ; 6.548  ; 6.548  ; 6.548  ;
; A_SEL[0]         ; CO          ; 6.007  ; 6.007  ; 6.007  ; 6.007  ;
; A_SEL[0]         ; N           ; 6.186  ; 6.186  ; 6.186  ; 6.186  ;
; A_SEL[0]         ; OVF         ; 5.949  ; 5.949  ; 5.949  ; 5.949  ;
; A_SEL[0]         ; Z           ; 7.605  ; 7.605  ; 7.605  ; 7.605  ;
; A_SEL[1]         ; ALUOUT[0]   ; 5.741  ; 5.741  ; 5.741  ; 5.741  ;
; A_SEL[1]         ; ALUOUT[1]   ; 6.665  ; 6.665  ; 6.665  ; 6.665  ;
; A_SEL[1]         ; ALUOUT[2]   ; 7.179  ; 7.179  ; 7.179  ; 7.179  ;
; A_SEL[1]         ; ALUOUT[3]   ; 7.083  ; 7.083  ; 7.083  ; 7.083  ;
; A_SEL[1]         ; ALUOUT[4]   ; 7.594  ; 7.594  ; 7.594  ; 7.594  ;
; A_SEL[1]         ; ALUOUT[5]   ; 6.899  ; 6.899  ; 6.899  ; 6.899  ;
; A_SEL[1]         ; ALUOUT[6]   ; 7.269  ; 7.269  ; 7.269  ; 7.269  ;
; A_SEL[1]         ; ALUOUT[7]   ; 6.936  ; 6.936  ; 6.936  ; 6.936  ;
; A_SEL[1]         ; CO          ; 6.395  ; 6.395  ; 6.395  ; 6.395  ;
; A_SEL[1]         ; N           ; 6.574  ; 6.574  ; 6.574  ; 6.574  ;
; A_SEL[1]         ; OVF         ; 6.337  ; 6.337  ; 6.337  ; 6.337  ;
; A_SEL[1]         ; Z           ; 7.993  ; 7.993  ; 7.993  ; 7.993  ;
; B_SEL[0]         ; ALUOUT[0]   ; 7.394  ; 7.394  ; 7.394  ; 7.394  ;
; B_SEL[0]         ; ALUOUT[1]   ; 8.950  ; 8.950  ; 8.950  ; 8.950  ;
; B_SEL[0]         ; ALUOUT[2]   ; 8.900  ; 8.900  ; 8.900  ; 8.900  ;
; B_SEL[0]         ; ALUOUT[3]   ; 9.451  ; 9.451  ; 9.451  ; 9.451  ;
; B_SEL[0]         ; ALUOUT[4]   ; 9.310  ; 9.310  ; 9.310  ; 9.310  ;
; B_SEL[0]         ; ALUOUT[5]   ; 9.409  ; 9.409  ; 9.409  ; 9.409  ;
; B_SEL[0]         ; ALUOUT[6]   ; 9.418  ; 9.418  ; 9.418  ; 9.418  ;
; B_SEL[0]         ; ALUOUT[7]   ; 9.450  ; 9.450  ; 9.450  ; 9.450  ;
; B_SEL[0]         ; CO          ; 8.766  ; 8.766  ; 8.766  ; 8.766  ;
; B_SEL[0]         ; N           ; 9.088  ; 9.088  ; 9.088  ; 9.088  ;
; B_SEL[0]         ; OVF         ; 8.708  ; 8.708  ; 8.708  ; 8.708  ;
; B_SEL[0]         ; Z           ; 9.757  ; 9.757  ; 9.757  ; 9.757  ;
; B_SEL[1]         ; ALUOUT[0]   ; 7.546  ; 7.546  ; 7.546  ; 7.546  ;
; B_SEL[1]         ; ALUOUT[1]   ; 8.796  ; 8.796  ; 8.796  ; 8.796  ;
; B_SEL[1]         ; ALUOUT[2]   ; 8.293  ; 8.293  ; 8.293  ; 8.293  ;
; B_SEL[1]         ; ALUOUT[3]   ; 8.847  ; 8.847  ; 8.847  ; 8.847  ;
; B_SEL[1]         ; ALUOUT[4]   ; 8.706  ; 8.706  ; 8.706  ; 8.706  ;
; B_SEL[1]         ; ALUOUT[5]   ; 8.805  ; 8.805  ; 8.805  ; 8.805  ;
; B_SEL[1]         ; ALUOUT[6]   ; 8.814  ; 8.814  ; 8.814  ; 8.814  ;
; B_SEL[1]         ; ALUOUT[7]   ; 8.846  ; 8.846  ; 8.846  ; 8.846  ;
; B_SEL[1]         ; CO          ; 8.162  ; 8.162  ; 8.162  ; 8.162  ;
; B_SEL[1]         ; N           ; 8.484  ; 8.484  ; 8.484  ; 8.484  ;
; B_SEL[1]         ; OVF         ; 8.104  ; 8.104  ; 8.104  ; 8.104  ;
; B_SEL[1]         ; Z           ; 9.153  ; 9.153  ; 9.153  ; 9.153  ;
; Cin              ; ALUOUT[0]   ; 7.542  ; 7.542  ; 7.542  ; 7.542  ;
; Cin              ; Z           ; 7.578  ; 7.578  ; 7.578  ; 7.578  ;
; INS_TYPE_MUX_SEL ; ALUOUT[0]   ; 9.520  ; 9.520  ; 9.520  ; 9.520  ;
; INS_TYPE_MUX_SEL ; ALUOUT[1]   ; 10.770 ; 10.770 ; 10.770 ; 10.770 ;
; INS_TYPE_MUX_SEL ; ALUOUT[2]   ; 10.317 ; 10.317 ; 10.317 ; 10.317 ;
; INS_TYPE_MUX_SEL ; ALUOUT[3]   ; 10.871 ; 10.871 ; 10.871 ; 10.871 ;
; INS_TYPE_MUX_SEL ; ALUOUT[4]   ; 11.004 ; 11.004 ; 11.004 ; 11.004 ;
; INS_TYPE_MUX_SEL ; ALUOUT[5]   ; 11.173 ; 11.173 ; 11.173 ; 11.173 ;
; INS_TYPE_MUX_SEL ; ALUOUT[6]   ; 11.182 ; 11.182 ; 11.182 ; 11.182 ;
; INS_TYPE_MUX_SEL ; ALUOUT[7]   ; 11.214 ; 11.214 ; 11.214 ; 11.214 ;
; INS_TYPE_MUX_SEL ; CO          ; 10.530 ; 10.530 ; 10.530 ; 10.530 ;
; INS_TYPE_MUX_SEL ; N           ; 10.852 ; 10.852 ; 10.852 ; 10.852 ;
; INS_TYPE_MUX_SEL ; OVF         ; 10.472 ; 10.472 ; 10.472 ; 10.472 ;
; INS_TYPE_MUX_SEL ; Z           ; 11.496 ; 11.496 ; 11.496 ; 11.496 ;
; MULT_SEL         ; ALUOUT[0]   ; 6.201  ; 6.201  ; 6.201  ; 6.201  ;
; MULT_SEL         ; ALUOUT[1]   ; 6.507  ; 6.507  ; 6.507  ; 6.507  ;
; MULT_SEL         ; ALUOUT[2]   ; 6.276  ; 6.276  ; 6.276  ; 6.276  ;
; MULT_SEL         ; ALUOUT[3]   ; 6.431  ; 6.431  ; 6.431  ; 6.431  ;
; MULT_SEL         ; ALUOUT[4]   ; 6.500  ; 6.500  ; 6.500  ; 6.500  ;
; MULT_SEL         ; ALUOUT[5]   ; 6.342  ; 6.622  ; 6.622  ; 6.342  ;
; MULT_SEL         ; ALUOUT[6]   ; 6.482  ; 6.482  ; 6.482  ; 6.482  ;
; MULT_SEL         ; ALUOUT[7]   ; 6.190  ; 6.190  ; 6.190  ; 6.190  ;
+------------------+-------------+--------+--------+--------+--------+


+----------------------------------------------------------------+
; Minimum Propagation Delay                                      ;
+------------------+-------------+-------+-------+-------+-------+
; Input Port       ; Output Port ; RR    ; RF    ; FR    ; FF    ;
+------------------+-------------+-------+-------+-------+-------+
; A_SEL[0]         ; ALUOUT[0]   ; 5.184 ; 5.184 ; 5.184 ; 5.184 ;
; A_SEL[0]         ; ALUOUT[1]   ; 5.212 ; 5.212 ; 5.212 ; 5.212 ;
; A_SEL[0]         ; ALUOUT[2]   ; 5.400 ; 5.400 ; 5.400 ; 5.400 ;
; A_SEL[0]         ; ALUOUT[3]   ; 5.441 ; 5.441 ; 5.441 ; 5.441 ;
; A_SEL[0]         ; ALUOUT[4]   ; 5.812 ; 5.812 ; 5.812 ; 5.812 ;
; A_SEL[0]         ; ALUOUT[5]   ; 5.329 ; 5.329 ; 5.329 ; 5.329 ;
; A_SEL[0]         ; ALUOUT[6]   ; 5.221 ; 5.221 ; 5.221 ; 5.221 ;
; A_SEL[0]         ; ALUOUT[7]   ; 5.309 ; 5.309 ; 5.309 ; 5.309 ;
; A_SEL[0]         ; CO          ; 5.097 ; 4.902 ; 4.902 ; 5.097 ;
; A_SEL[0]         ; N           ; 4.947 ; 4.947 ; 4.947 ; 4.947 ;
; A_SEL[0]         ; OVF         ; 4.844 ; 4.844 ; 4.844 ; 4.844 ;
; A_SEL[0]         ; Z           ; 5.220 ; 5.220 ; 5.220 ; 5.220 ;
; A_SEL[1]         ; ALUOUT[0]   ; 5.439 ; 5.439 ; 5.439 ; 5.439 ;
; A_SEL[1]         ; ALUOUT[1]   ; 5.425 ; 5.425 ; 5.425 ; 5.425 ;
; A_SEL[1]         ; ALUOUT[2]   ; 5.745 ; 5.745 ; 5.745 ; 5.745 ;
; A_SEL[1]         ; ALUOUT[3]   ; 5.336 ; 5.336 ; 5.336 ; 5.336 ;
; A_SEL[1]         ; ALUOUT[4]   ; 6.075 ; 6.075 ; 6.075 ; 6.075 ;
; A_SEL[1]         ; ALUOUT[5]   ; 5.592 ; 5.592 ; 5.592 ; 5.592 ;
; A_SEL[1]         ; ALUOUT[6]   ; 5.484 ; 5.484 ; 5.484 ; 5.484 ;
; A_SEL[1]         ; ALUOUT[7]   ; 5.554 ; 5.554 ; 5.554 ; 5.554 ;
; A_SEL[1]         ; CO          ; 5.147 ; 5.310 ; 5.310 ; 5.147 ;
; A_SEL[1]         ; N           ; 5.192 ; 5.192 ; 5.192 ; 5.192 ;
; A_SEL[1]         ; OVF         ; 5.089 ; 5.089 ; 5.089 ; 5.089 ;
; A_SEL[1]         ; Z           ; 5.475 ; 5.475 ; 5.475 ; 5.475 ;
; B_SEL[0]         ; ALUOUT[0]   ; 7.394 ; 7.394 ; 7.394 ; 7.394 ;
; B_SEL[0]         ; ALUOUT[1]   ; 7.774 ; 7.774 ; 7.774 ; 7.774 ;
; B_SEL[0]         ; ALUOUT[2]   ; 7.544 ; 7.544 ; 7.544 ; 7.544 ;
; B_SEL[0]         ; ALUOUT[3]   ; 7.740 ; 7.740 ; 7.740 ; 7.740 ;
; B_SEL[0]         ; ALUOUT[4]   ; 7.894 ; 7.894 ; 7.894 ; 7.894 ;
; B_SEL[0]         ; ALUOUT[5]   ; 7.300 ; 7.300 ; 7.300 ; 7.300 ;
; B_SEL[0]         ; ALUOUT[6]   ; 7.620 ; 7.620 ; 7.620 ; 7.620 ;
; B_SEL[0]         ; ALUOUT[7]   ; 7.620 ; 7.620 ; 7.620 ; 7.620 ;
; B_SEL[0]         ; CO          ; 7.162 ; 7.162 ; 7.162 ; 7.162 ;
; B_SEL[0]         ; N           ; 7.258 ; 7.258 ; 7.258 ; 7.258 ;
; B_SEL[0]         ; OVF         ; 7.104 ; 7.104 ; 7.104 ; 7.104 ;
; B_SEL[0]         ; Z           ; 7.430 ; 7.430 ; 7.430 ; 7.430 ;
; B_SEL[1]         ; ALUOUT[0]   ; 7.546 ; 7.546 ; 7.546 ; 7.546 ;
; B_SEL[1]         ; ALUOUT[1]   ; 7.599 ; 7.599 ; 7.599 ; 7.599 ;
; B_SEL[1]         ; ALUOUT[2]   ; 7.655 ; 7.692 ; 7.692 ; 7.655 ;
; B_SEL[1]         ; ALUOUT[3]   ; 7.555 ; 7.555 ; 7.555 ; 7.555 ;
; B_SEL[1]         ; ALUOUT[4]   ; 7.873 ; 7.959 ; 7.959 ; 7.873 ;
; B_SEL[1]         ; ALUOUT[5]   ; 7.564 ; 7.564 ; 7.564 ; 7.564 ;
; B_SEL[1]         ; ALUOUT[6]   ; 7.717 ; 7.761 ; 7.761 ; 7.717 ;
; B_SEL[1]         ; ALUOUT[7]   ; 7.691 ; 7.691 ; 7.691 ; 7.691 ;
; B_SEL[1]         ; CO          ; 7.233 ; 7.469 ; 7.469 ; 7.233 ;
; B_SEL[1]         ; N           ; 7.329 ; 7.329 ; 7.329 ; 7.329 ;
; B_SEL[1]         ; OVF         ; 7.175 ; 7.175 ; 7.175 ; 7.175 ;
; B_SEL[1]         ; Z           ; 7.582 ; 7.582 ; 7.582 ; 7.582 ;
; Cin              ; ALUOUT[0]   ; 7.365 ; 7.365 ; 7.365 ; 7.365 ;
; Cin              ; Z           ; 7.401 ; 7.401 ; 7.401 ; 7.401 ;
; INS_TYPE_MUX_SEL ; ALUOUT[0]   ; 8.841 ; 8.841 ; 8.841 ; 8.841 ;
; INS_TYPE_MUX_SEL ; ALUOUT[1]   ; 8.769 ; 8.769 ; 8.769 ; 8.769 ;
; INS_TYPE_MUX_SEL ; ALUOUT[2]   ; 8.856 ; 8.856 ; 8.856 ; 8.856 ;
; INS_TYPE_MUX_SEL ; ALUOUT[3]   ; 9.213 ; 9.213 ; 9.213 ; 9.213 ;
; INS_TYPE_MUX_SEL ; ALUOUT[4]   ; 9.344 ; 9.344 ; 9.344 ; 9.344 ;
; INS_TYPE_MUX_SEL ; ALUOUT[5]   ; 8.760 ; 8.760 ; 8.760 ; 8.760 ;
; INS_TYPE_MUX_SEL ; ALUOUT[6]   ; 9.146 ; 9.146 ; 9.146 ; 9.146 ;
; INS_TYPE_MUX_SEL ; ALUOUT[7]   ; 8.717 ; 8.717 ; 8.717 ; 8.717 ;
; INS_TYPE_MUX_SEL ; CO          ; 8.259 ; 8.259 ; 8.259 ; 8.259 ;
; INS_TYPE_MUX_SEL ; N           ; 8.355 ; 8.355 ; 8.355 ; 8.355 ;
; INS_TYPE_MUX_SEL ; OVF         ; 8.201 ; 8.201 ; 8.201 ; 8.201 ;
; INS_TYPE_MUX_SEL ; Z           ; 8.877 ; 8.877 ; 8.877 ; 8.877 ;
; MULT_SEL         ; ALUOUT[0]   ; 6.201 ; 6.201 ; 6.201 ; 6.201 ;
; MULT_SEL         ; ALUOUT[1]   ; 6.507 ; 6.507 ; 6.507 ; 6.507 ;
; MULT_SEL         ; ALUOUT[2]   ; 6.276 ; 6.276 ; 6.276 ; 6.276 ;
; MULT_SEL         ; ALUOUT[3]   ; 6.431 ; 6.431 ; 6.431 ; 6.431 ;
; MULT_SEL         ; ALUOUT[4]   ; 6.500 ; 6.500 ; 6.500 ; 6.500 ;
; MULT_SEL         ; ALUOUT[5]   ; 6.342 ; 6.622 ; 6.622 ; 6.342 ;
; MULT_SEL         ; ALUOUT[6]   ; 6.482 ; 6.482 ; 6.482 ; 6.482 ;
; MULT_SEL         ; ALUOUT[7]   ; 6.190 ; 6.190 ; 6.190 ; 6.190 ;
+------------------+-------------+-------+-------+-------+-------+


+--------------------------------------------------------------------------------+
; Multicorner Timing Analysis Summary                                            ;
+----------------------+-------+------+----------+---------+---------------------+
; Clock                ; Setup ; Hold ; Recovery ; Removal ; Minimum Pulse Width ;
+----------------------+-------+------+----------+---------+---------------------+
; Worst-case Slack     ; N/A   ; N/A  ; N/A      ; N/A     ; 97.778              ;
;  altera_reserved_tck ; N/A   ; N/A  ; N/A      ; N/A     ; 97.778              ;
; Design-wide TNS      ; 0.0   ; 0.0  ; 0.0      ; 0.0     ; 0.0                 ;
;  altera_reserved_tck ; N/A   ; N/A  ; N/A      ; N/A     ; 0.000               ;
+----------------------+-------+------+----------+---------+---------------------+


+--------------------------------------------------------------------+
; Progagation Delay                                                  ;
+------------------+-------------+--------+--------+--------+--------+
; Input Port       ; Output Port ; RR     ; RF     ; FR     ; FF     ;
+------------------+-------------+--------+--------+--------+--------+
; A_SEL[0]         ; ALUOUT[0]   ; 11.193 ; 11.193 ; 11.193 ; 11.193 ;
; A_SEL[0]         ; ALUOUT[1]   ; 13.325 ; 13.325 ; 13.325 ; 13.325 ;
; A_SEL[0]         ; ALUOUT[2]   ; 14.552 ; 14.552 ; 14.552 ; 14.552 ;
; A_SEL[0]         ; ALUOUT[3]   ; 14.164 ; 14.164 ; 14.164 ; 14.164 ;
; A_SEL[0]         ; ALUOUT[4]   ; 15.245 ; 15.245 ; 15.245 ; 15.245 ;
; A_SEL[0]         ; ALUOUT[5]   ; 13.833 ; 13.833 ; 13.833 ; 13.833 ;
; A_SEL[0]         ; ALUOUT[6]   ; 14.521 ; 14.521 ; 14.521 ; 14.521 ;
; A_SEL[0]         ; ALUOUT[7]   ; 13.472 ; 13.472 ; 13.472 ; 13.472 ;
; A_SEL[0]         ; CO          ; 12.368 ; 12.368 ; 12.368 ; 12.368 ;
; A_SEL[0]         ; N           ; 12.747 ; 12.747 ; 12.747 ; 12.747 ;
; A_SEL[0]         ; OVF         ; 12.146 ; 12.146 ; 12.146 ; 12.146 ;
; A_SEL[0]         ; Z           ; 16.045 ; 16.045 ; 16.045 ; 16.045 ;
; A_SEL[1]         ; ALUOUT[0]   ; 11.643 ; 11.643 ; 11.643 ; 11.643 ;
; A_SEL[1]         ; ALUOUT[1]   ; 13.775 ; 13.775 ; 13.775 ; 13.775 ;
; A_SEL[1]         ; ALUOUT[2]   ; 15.013 ; 15.013 ; 15.013 ; 15.013 ;
; A_SEL[1]         ; ALUOUT[3]   ; 14.716 ; 14.716 ; 14.716 ; 14.716 ;
; A_SEL[1]         ; ALUOUT[4]   ; 16.009 ; 16.009 ; 16.009 ; 16.009 ;
; A_SEL[1]         ; ALUOUT[5]   ; 14.597 ; 14.597 ; 14.597 ; 14.597 ;
; A_SEL[1]         ; ALUOUT[6]   ; 15.285 ; 15.285 ; 15.285 ; 15.285 ;
; A_SEL[1]         ; ALUOUT[7]   ; 14.236 ; 14.236 ; 14.236 ; 14.236 ;
; A_SEL[1]         ; CO          ; 13.132 ; 13.132 ; 13.132 ; 13.132 ;
; A_SEL[1]         ; N           ; 13.511 ; 13.511 ; 13.511 ; 13.511 ;
; A_SEL[1]         ; OVF         ; 12.910 ; 12.910 ; 12.910 ; 12.910 ;
; A_SEL[1]         ; Z           ; 16.809 ; 16.809 ; 16.809 ; 16.809 ;
; B_SEL[0]         ; ALUOUT[0]   ; 14.016 ; 14.016 ; 14.016 ; 14.016 ;
; B_SEL[0]         ; ALUOUT[1]   ; 17.522 ; 17.522 ; 17.522 ; 17.522 ;
; B_SEL[0]         ; ALUOUT[2]   ; 17.404 ; 17.404 ; 17.404 ; 17.404 ;
; B_SEL[0]         ; ALUOUT[3]   ; 18.752 ; 18.752 ; 18.752 ; 18.752 ;
; B_SEL[0]         ; ALUOUT[4]   ; 18.457 ; 18.457 ; 18.457 ; 18.457 ;
; B_SEL[0]         ; ALUOUT[5]   ; 18.895 ; 18.895 ; 18.895 ; 18.895 ;
; B_SEL[0]         ; ALUOUT[6]   ; 18.619 ; 18.619 ; 18.619 ; 18.619 ;
; B_SEL[0]         ; ALUOUT[7]   ; 18.522 ; 18.522 ; 18.522 ; 18.522 ;
; B_SEL[0]         ; CO          ; 17.066 ; 17.066 ; 17.066 ; 17.066 ;
; B_SEL[0]         ; N           ; 17.797 ; 17.797 ; 17.797 ; 17.797 ;
; B_SEL[0]         ; OVF         ; 16.847 ; 16.847 ; 16.847 ; 16.847 ;
; B_SEL[0]         ; Z           ; 19.450 ; 19.450 ; 19.450 ; 19.450 ;
; B_SEL[1]         ; ALUOUT[0]   ; 14.262 ; 14.262 ; 14.262 ; 14.262 ;
; B_SEL[1]         ; ALUOUT[1]   ; 17.123 ; 17.123 ; 17.123 ; 17.123 ;
; B_SEL[1]         ; ALUOUT[2]   ; 16.023 ; 16.023 ; 16.023 ; 16.023 ;
; B_SEL[1]         ; ALUOUT[3]   ; 17.317 ; 17.317 ; 17.317 ; 17.317 ;
; B_SEL[1]         ; ALUOUT[4]   ; 17.022 ; 17.022 ; 17.022 ; 17.022 ;
; B_SEL[1]         ; ALUOUT[5]   ; 17.460 ; 17.460 ; 17.460 ; 17.460 ;
; B_SEL[1]         ; ALUOUT[6]   ; 17.184 ; 17.184 ; 17.184 ; 17.184 ;
; B_SEL[1]         ; ALUOUT[7]   ; 17.087 ; 17.087 ; 17.087 ; 17.087 ;
; B_SEL[1]         ; CO          ; 15.631 ; 15.631 ; 15.631 ; 15.631 ;
; B_SEL[1]         ; N           ; 16.362 ; 16.362 ; 16.362 ; 16.362 ;
; B_SEL[1]         ; OVF         ; 15.412 ; 15.412 ; 15.412 ; 15.412 ;
; B_SEL[1]         ; Z           ; 18.015 ; 18.015 ; 18.015 ; 18.015 ;
; Cin              ; ALUOUT[0]   ; 14.370 ; 14.370 ; 14.370 ; 14.370 ;
; Cin              ; Z           ; 14.409 ; 14.409 ; 14.409 ; 14.409 ;
; INS_TYPE_MUX_SEL ; ALUOUT[0]   ; 18.718 ; 18.718 ; 18.718 ; 18.718 ;
; INS_TYPE_MUX_SEL ; ALUOUT[1]   ; 21.579 ; 21.579 ; 21.579 ; 21.579 ;
; INS_TYPE_MUX_SEL ; ALUOUT[2]   ; 20.567 ; 20.567 ; 20.567 ; 20.567 ;
; INS_TYPE_MUX_SEL ; ALUOUT[3]   ; 21.861 ; 21.861 ; 21.861 ; 21.861 ;
; INS_TYPE_MUX_SEL ; ALUOUT[4]   ; 22.183 ; 22.183 ; 22.183 ; 22.183 ;
; INS_TYPE_MUX_SEL ; ALUOUT[5]   ; 22.857 ; 22.857 ; 22.857 ; 22.857 ;
; INS_TYPE_MUX_SEL ; ALUOUT[6]   ; 22.581 ; 22.581 ; 22.581 ; 22.581 ;
; INS_TYPE_MUX_SEL ; ALUOUT[7]   ; 22.484 ; 22.484 ; 22.484 ; 22.484 ;
; INS_TYPE_MUX_SEL ; CO          ; 21.028 ; 21.028 ; 21.028 ; 21.028 ;
; INS_TYPE_MUX_SEL ; N           ; 21.759 ; 21.759 ; 21.759 ; 21.759 ;
; INS_TYPE_MUX_SEL ; OVF         ; 20.809 ; 20.809 ; 20.809 ; 20.809 ;
; INS_TYPE_MUX_SEL ; Z           ; 23.323 ; 23.323 ; 23.323 ; 23.323 ;
; MULT_SEL         ; ALUOUT[0]   ; 11.275 ; 11.275 ; 11.275 ; 11.275 ;
; MULT_SEL         ; ALUOUT[1]   ; 11.826 ; 11.826 ; 11.826 ; 11.826 ;
; MULT_SEL         ; ALUOUT[2]   ; 11.319 ; 11.319 ; 11.319 ; 11.319 ;
; MULT_SEL         ; ALUOUT[3]   ; 11.782 ; 11.782 ; 11.782 ; 11.782 ;
; MULT_SEL         ; ALUOUT[4]   ; 11.920 ; 11.920 ; 11.920 ; 11.920 ;
; MULT_SEL         ; ALUOUT[5]   ; 11.788 ; 12.416 ; 12.416 ; 11.788 ;
; MULT_SEL         ; ALUOUT[6]   ; 11.907 ; 11.907 ; 11.907 ; 11.907 ;
; MULT_SEL         ; ALUOUT[7]   ; 11.085 ; 11.085 ; 11.085 ; 11.085 ;
+------------------+-------------+--------+--------+--------+--------+


+----------------------------------------------------------------+
; Minimum Progagation Delay                                      ;
+------------------+-------------+-------+-------+-------+-------+
; Input Port       ; Output Port ; RR    ; RF    ; FR    ; FF    ;
+------------------+-------------+-------+-------+-------+-------+
; A_SEL[0]         ; ALUOUT[0]   ; 5.184 ; 5.184 ; 5.184 ; 5.184 ;
; A_SEL[0]         ; ALUOUT[1]   ; 5.212 ; 5.212 ; 5.212 ; 5.212 ;
; A_SEL[0]         ; ALUOUT[2]   ; 5.400 ; 5.400 ; 5.400 ; 5.400 ;
; A_SEL[0]         ; ALUOUT[3]   ; 5.441 ; 5.441 ; 5.441 ; 5.441 ;
; A_SEL[0]         ; ALUOUT[4]   ; 5.812 ; 5.812 ; 5.812 ; 5.812 ;
; A_SEL[0]         ; ALUOUT[5]   ; 5.329 ; 5.329 ; 5.329 ; 5.329 ;
; A_SEL[0]         ; ALUOUT[6]   ; 5.221 ; 5.221 ; 5.221 ; 5.221 ;
; A_SEL[0]         ; ALUOUT[7]   ; 5.309 ; 5.309 ; 5.309 ; 5.309 ;
; A_SEL[0]         ; CO          ; 5.097 ; 4.902 ; 4.902 ; 5.097 ;
; A_SEL[0]         ; N           ; 4.947 ; 4.947 ; 4.947 ; 4.947 ;
; A_SEL[0]         ; OVF         ; 4.844 ; 4.844 ; 4.844 ; 4.844 ;
; A_SEL[0]         ; Z           ; 5.220 ; 5.220 ; 5.220 ; 5.220 ;
; A_SEL[1]         ; ALUOUT[0]   ; 5.439 ; 5.439 ; 5.439 ; 5.439 ;
; A_SEL[1]         ; ALUOUT[1]   ; 5.425 ; 5.425 ; 5.425 ; 5.425 ;
; A_SEL[1]         ; ALUOUT[2]   ; 5.745 ; 5.745 ; 5.745 ; 5.745 ;
; A_SEL[1]         ; ALUOUT[3]   ; 5.336 ; 5.336 ; 5.336 ; 5.336 ;
; A_SEL[1]         ; ALUOUT[4]   ; 6.075 ; 6.075 ; 6.075 ; 6.075 ;
; A_SEL[1]         ; ALUOUT[5]   ; 5.592 ; 5.592 ; 5.592 ; 5.592 ;
; A_SEL[1]         ; ALUOUT[6]   ; 5.484 ; 5.484 ; 5.484 ; 5.484 ;
; A_SEL[1]         ; ALUOUT[7]   ; 5.554 ; 5.554 ; 5.554 ; 5.554 ;
; A_SEL[1]         ; CO          ; 5.147 ; 5.310 ; 5.310 ; 5.147 ;
; A_SEL[1]         ; N           ; 5.192 ; 5.192 ; 5.192 ; 5.192 ;
; A_SEL[1]         ; OVF         ; 5.089 ; 5.089 ; 5.089 ; 5.089 ;
; A_SEL[1]         ; Z           ; 5.475 ; 5.475 ; 5.475 ; 5.475 ;
; B_SEL[0]         ; ALUOUT[0]   ; 7.394 ; 7.394 ; 7.394 ; 7.394 ;
; B_SEL[0]         ; ALUOUT[1]   ; 7.774 ; 7.774 ; 7.774 ; 7.774 ;
; B_SEL[0]         ; ALUOUT[2]   ; 7.544 ; 7.544 ; 7.544 ; 7.544 ;
; B_SEL[0]         ; ALUOUT[3]   ; 7.740 ; 7.740 ; 7.740 ; 7.740 ;
; B_SEL[0]         ; ALUOUT[4]   ; 7.894 ; 7.894 ; 7.894 ; 7.894 ;
; B_SEL[0]         ; ALUOUT[5]   ; 7.300 ; 7.300 ; 7.300 ; 7.300 ;
; B_SEL[0]         ; ALUOUT[6]   ; 7.620 ; 7.620 ; 7.620 ; 7.620 ;
; B_SEL[0]         ; ALUOUT[7]   ; 7.620 ; 7.620 ; 7.620 ; 7.620 ;
; B_SEL[0]         ; CO          ; 7.162 ; 7.162 ; 7.162 ; 7.162 ;
; B_SEL[0]         ; N           ; 7.258 ; 7.258 ; 7.258 ; 7.258 ;
; B_SEL[0]         ; OVF         ; 7.104 ; 7.104 ; 7.104 ; 7.104 ;
; B_SEL[0]         ; Z           ; 7.430 ; 7.430 ; 7.430 ; 7.430 ;
; B_SEL[1]         ; ALUOUT[0]   ; 7.546 ; 7.546 ; 7.546 ; 7.546 ;
; B_SEL[1]         ; ALUOUT[1]   ; 7.599 ; 7.599 ; 7.599 ; 7.599 ;
; B_SEL[1]         ; ALUOUT[2]   ; 7.655 ; 7.692 ; 7.692 ; 7.655 ;
; B_SEL[1]         ; ALUOUT[3]   ; 7.555 ; 7.555 ; 7.555 ; 7.555 ;
; B_SEL[1]         ; ALUOUT[4]   ; 7.873 ; 7.959 ; 7.959 ; 7.873 ;
; B_SEL[1]         ; ALUOUT[5]   ; 7.564 ; 7.564 ; 7.564 ; 7.564 ;
; B_SEL[1]         ; ALUOUT[6]   ; 7.717 ; 7.761 ; 7.761 ; 7.717 ;
; B_SEL[1]         ; ALUOUT[7]   ; 7.691 ; 7.691 ; 7.691 ; 7.691 ;
; B_SEL[1]         ; CO          ; 7.233 ; 7.469 ; 7.469 ; 7.233 ;
; B_SEL[1]         ; N           ; 7.329 ; 7.329 ; 7.329 ; 7.329 ;
; B_SEL[1]         ; OVF         ; 7.175 ; 7.175 ; 7.175 ; 7.175 ;
; B_SEL[1]         ; Z           ; 7.582 ; 7.582 ; 7.582 ; 7.582 ;
; Cin              ; ALUOUT[0]   ; 7.365 ; 7.365 ; 7.365 ; 7.365 ;
; Cin              ; Z           ; 7.401 ; 7.401 ; 7.401 ; 7.401 ;
; INS_TYPE_MUX_SEL ; ALUOUT[0]   ; 8.841 ; 8.841 ; 8.841 ; 8.841 ;
; INS_TYPE_MUX_SEL ; ALUOUT[1]   ; 8.769 ; 8.769 ; 8.769 ; 8.769 ;
; INS_TYPE_MUX_SEL ; ALUOUT[2]   ; 8.856 ; 8.856 ; 8.856 ; 8.856 ;
; INS_TYPE_MUX_SEL ; ALUOUT[3]   ; 9.213 ; 9.213 ; 9.213 ; 9.213 ;
; INS_TYPE_MUX_SEL ; ALUOUT[4]   ; 9.344 ; 9.344 ; 9.344 ; 9.344 ;
; INS_TYPE_MUX_SEL ; ALUOUT[5]   ; 8.760 ; 8.760 ; 8.760 ; 8.760 ;
; INS_TYPE_MUX_SEL ; ALUOUT[6]   ; 9.146 ; 9.146 ; 9.146 ; 9.146 ;
; INS_TYPE_MUX_SEL ; ALUOUT[7]   ; 8.717 ; 8.717 ; 8.717 ; 8.717 ;
; INS_TYPE_MUX_SEL ; CO          ; 8.259 ; 8.259 ; 8.259 ; 8.259 ;
; INS_TYPE_MUX_SEL ; N           ; 8.355 ; 8.355 ; 8.355 ; 8.355 ;
; INS_TYPE_MUX_SEL ; OVF         ; 8.201 ; 8.201 ; 8.201 ; 8.201 ;
; INS_TYPE_MUX_SEL ; Z           ; 8.877 ; 8.877 ; 8.877 ; 8.877 ;
; MULT_SEL         ; ALUOUT[0]   ; 6.201 ; 6.201 ; 6.201 ; 6.201 ;
; MULT_SEL         ; ALUOUT[1]   ; 6.507 ; 6.507 ; 6.507 ; 6.507 ;
; MULT_SEL         ; ALUOUT[2]   ; 6.276 ; 6.276 ; 6.276 ; 6.276 ;
; MULT_SEL         ; ALUOUT[3]   ; 6.431 ; 6.431 ; 6.431 ; 6.431 ;
; MULT_SEL         ; ALUOUT[4]   ; 6.500 ; 6.500 ; 6.500 ; 6.500 ;
; MULT_SEL         ; ALUOUT[5]   ; 6.342 ; 6.622 ; 6.622 ; 6.342 ;
; MULT_SEL         ; ALUOUT[6]   ; 6.482 ; 6.482 ; 6.482 ; 6.482 ;
; MULT_SEL         ; ALUOUT[7]   ; 6.190 ; 6.190 ; 6.190 ; 6.190 ;
+------------------+-------------+-------+-------+-------+-------+


-------------------
; Clock Transfers ;
-------------------
Nothing to report.


---------------
; Report TCCS ;
---------------
No dedicated SERDES Transmitter circuitry present in device or used in design


---------------
; Report RSKM ;
---------------
No dedicated SERDES Receiver circuitry present in device or used in design


+------------------------------------------------+
; Unconstrained Paths                            ;
+---------------------------------+-------+------+
; Property                        ; Setup ; Hold ;
+---------------------------------+-------+------+
; Illegal Clocks                  ; 0     ; 0    ;
; Unconstrained Clocks            ; 2     ; 2    ;
; Unconstrained Input Ports       ; 23    ; 23   ;
; Unconstrained Input Port Paths  ; 662   ; 662  ;
; Unconstrained Output Ports      ; 33    ; 33   ;
; Unconstrained Output Port Paths ; 1192  ; 1192 ;
+---------------------------------+-------+------+


+------------------------------------+
; TimeQuest Timing Analyzer Messages ;
+------------------------------------+
Info: *******************************************************************
Info: Running Quartus II 64-Bit TimeQuest Timing Analyzer
    Info: Version 13.0.1 Build 232 06/12/2013 Service Pack 1 SJ Web Edition
    Info: Processing started: Sat Apr 11 23:35:35 2020
Info: Command: quartus_sta arithmetic_processor -c arithmetic_processor
Info: qsta_default_script.tcl version: #1
Warning (20028): Parallel compilation is not licensed and has been disabled
Info (21077): Low junction temperature is 0 degrees C
Info (21077): High junction temperature is 85 degrees C
Warning (335093): TimeQuest Timing Analyzer is analyzing 7 combinational loops as latches.
Info (332164): Evaluating HDL-embedded SDC commands
    Info (332165): Entity sld_jtag_hub
        Info (332166): create_clock -name altera_reserved_tck [get_ports {altera_reserved_tck}] -period 10MHz   
        Info (332166): set_clock_groups -asynchronous -group {altera_reserved_tck}
Info (332104): Reading SDC File: 'arithmetic_processor.sdc'
Warning (332060): Node: CLK was determined to be a clock but was found without an associated clock assignment.
Warning (332060): Node: INSTMEM:inst4|altsyncram:altsyncram_component|altsyncram_kja1:auto_generated|altsyncram_7u92:altsyncram1|ram_block3a0~porta_address_reg0 was determined to be a clock but was found without an associated clock assignment.
Info: Found TIMEQUEST_REPORT_SCRIPT_INCLUDE_DEFAULT_ANALYSIS = ON
Info: Analyzing Slow Model
Info (332140): No fmax paths to report
Info (332140): No Setup paths to report
Info (332140): No Hold paths to report
Info (332140): No Recovery paths to report
Info (332140): No Removal paths to report
Info (332146): Worst-case minimum pulse width slack is 97.778
    Info (332119):     Slack End Point TNS Clock 
    Info (332119): ========= ============= =====================
    Info (332119):    97.778         0.000 altera_reserved_tck 
Info (332001): The selected device family is not supported by the report_metastability command.
Info: Analyzing Fast Model
Warning (332060): Node: CLK was determined to be a clock but was found without an associated clock assignment.
Warning (332060): Node: INSTMEM:inst4|altsyncram:altsyncram_component|altsyncram_kja1:auto_generated|altsyncram_7u92:altsyncram1|ram_block3a0~porta_address_reg0 was determined to be a clock but was found without an associated clock assignment.
Info (332140): No Setup paths to report
Info (332140): No Hold paths to report
Info (332140): No Recovery paths to report
Info (332140): No Removal paths to report
Info (332146): Worst-case minimum pulse width slack is 97.778
    Info (332119):     Slack End Point TNS Clock 
    Info (332119): ========= ============= =====================
    Info (332119):    97.778         0.000 altera_reserved_tck 
Info (332001): The selected device family is not supported by the report_metastability command.
Info (332102): Design is not fully constrained for setup requirements
Info (332102): Design is not fully constrained for hold requirements
Info: Quartus II 64-Bit TimeQuest Timing Analyzer was successful. 0 errors, 6 warnings
    Info: Peak virtual memory: 4559 megabytes
    Info: Processing ended: Sat Apr 11 23:35:37 2020
    Info: Elapsed time: 00:00:02
    Info: Total CPU time (on all processors): 00:00:01


